exports[`<Main/> should render the heading 1`] = `
<main class="sc-Qotzb anddy">
<h1>Main Component</h1>
</main>`;
